// Vitest Snapshot v1, https://vitest.dev/guide/snapshot.html

exports[`renders correctly > footer 1`] = `"body >> internal:testid=[data-testid="footer"s]"`;

exports[`renders correctly 1`] = `
<footer
  className="css-114d7fc"
>
  <a
    className="chakra-link css-i6sr0x"
    href="/policy"
    onClick={[Function]}
    onMouseEnter={[Function]}
    onTouchStart={[Function]}
  >
    プライバシーポリシー
  </a>
  - (c) 
  2000
   Approvers
</footer>
`;
