// Vitest Snapshot v1

exports[`renders correctly 1`] = `
<header
  className="css-plc0gq"
>
  <a
    className="css-70qvj9"
    href="/"
    onClick={[Function]}
    onMouseEnter={[Function]}
  >
    <span
      className="chakra-avatar css-11wutbi"
    >
      <div
        aria-label="Approversロゴ"
        className="chakra-avatar__initials css-0"
        role="img"
      >
        A
      </div>
    </span>
    <span
      className="chakra-heading css-0"
    >
      Approvers
    </span>
  </a>
</header>
`;
