// Jest Snapshot v1, https://goo.gl/fbAQLP

exports[`renders correctly 1`] = `
<div
  className="css-b3ad4t"
>
  <a
    href="/"
    onClick={[Function]}
    onMouseEnter={[Function]}
  >
    <div
      className="css-70qvj9"
    >
      <span
        className="chakra-avatar css-179x39t"
      >
        <div
          aria-label="Approversロゴ"
          className="chakra-avatar__initials css-0"
          role="img"
        >
          A
        </div>
      </span>
      <span
        className="chakra-heading css-0"
      >
        Approvers
      </span>
    </div>
  </a>
</div>
`;
