// Jest Snapshot v1, https://goo.gl/fbAQLP

exports[`renders correctly 1`] = `
<header
  className="headerLayout"
>
  <a
    className="hero"
    href="/"
    onClick={[Function]}
    onMouseEnter={[Function]}
  >
    <img
      src="/android-chrome-512x512.png"
    />
    Approvers
  </a>
</header>
`;
