// Jest Snapshot v1, https://goo.gl/fbAQLP

exports[`renders subtitle correctly 1`] = `
<h2
  className="chakra-heading css-a29miu"
>
  Epic Subtitle
</h2>
`;

exports[`renders title correctly 1`] = `
<div
  className="css-x8fcf4"
>
  <h1
    className="chakra-heading css-1n49pl7"
  >
    Epic Title
  </h1>
</div>
`;
