// Vitest Snapshot v1, https://vitest.dev/guide/snapshot.html

exports[`renders subtitle correctly > subtitle 1`] = `"body >> internal:testid=[data-testid="subtitle"s]"`;

exports[`renders subtitle correctly 1`] = `
<h2
  className="chakra-heading css-a29miu"
>
  Epic Subtitle
</h2>
`;

exports[`renders title correctly > title 1`] = `"body >> internal:testid=[data-testid="title"s]"`;

exports[`renders title correctly 1`] = `
<h1
  className="chakra-heading css-1hulbuo"
>
  Epic Title
</h1>
`;
